proj/riscv/Proj_sort_template.s
